#
# There is insufficient memory for the Java Runtime Environment to continue.
# Native memory allocation (malloc) failed to allocate 909232 bytes. Error detail: Chunk::new
# Possible reasons:
#   The system is out of physical RAM or swap space
#   This process is running with CompressedOops enabled, and the Java Heap may be blocking the growth of the native heap
# Possible solutions:
#   Reduce memory load on the system
#   Increase physical memory or swap space
#   Check if swap backing store is full
#   Decrease Java heap size (-Xmx/-Xms)
#   Decrease number of Java threads
#   Decrease Java thread stack sizes (-Xss)
#   Set larger code cache with -XX:ReservedCodeCacheSize=
#   JVM is running with Unscaled Compressed Oops mode in which the Java heap is
#     placed in the first 4GB address space. The Java Heap base address is the
#     maximum limit for the native heap growth. Please use -XX:HeapBaseMinAddress
#     to set the Java Heap base and to place the Java Heap above 4GB virtual address.
# This output file may be truncated or incomplete.
#
#  Out of Memory Error (arena.cpp:168), pid=18312, tid=20240
#
# JRE version: OpenJDK Runtime Environment Temurin-21.0.6+7 (21.0.6+7) (build 21.0.6+7-LTS)
# Java VM: OpenJDK 64-Bit Server VM Temurin-21.0.6+7 (21.0.6+7-LTS, mixed mode, sharing, tiered, compressed oops, compressed class ptrs, parallel gc, windows-amd64)
# No core dump will be written. Minidumps are not enabled by default on client versions of Windows
#

---------------  S U M M A R Y ------------

Command Line: --add-modules=ALL-SYSTEM --add-opens=java.base/java.util=ALL-UNNAMED --add-opens=java.base/java.lang=ALL-UNNAMED --add-opens=java.base/sun.nio.fs=ALL-UNNAMED -Declipse.application=org.eclipse.jdt.ls.core.id1 -Dosgi.bundles.defaultStartLevel=4 -Declipse.product=org.eclipse.jdt.ls.core.product -Djava.import.generatesMetadataFilesAtProjectRoot=false -DDetectVMInstallationsJob.disabled=true -Dfile.encoding=utf8 -XX:+UseParallelGC -XX:GCTimeRatio=4 -XX:AdaptiveSizePolicyWeight=90 -Dsun.zip.disableMemoryMapping=true -Xmx1G -Xms100m -Xlog:disable -javaagent:c:\Users\moham\.vscode\extensions\redhat.java-1.41.1-win32-x64\lombok\lombok-1.18.36.jar c:\Users\moham\.vscode\extensions\redhat.java-1.41.1-win32-x64\server\plugins\org.eclipse.equinox.launcher_1.7.0.v20250331-1702.jar -configuration c:\Users\moham\AppData\Roaming\Code\User\globalStorage\redhat.java\1.41.1\config_ss_win -data c:\Users\moham\AppData\Roaming\Code\User\workspaceStorage\8124025903823dc15ad5908d8bc0e76b\redhat.java\ss_ws --pipe=\\.\pipe\lsp-e27d39129ac832821b9e1896e58e4762-sock

Host: AMD Ryzen 7 3700X 8-Core Processor             , 16 cores, 15G,  Windows 10 , 64 bit Build 19041 (10.0.19041.5794)
Time: Fri May  2 15:28:19 2025 Arab Standard Time elapsed time: 2.927132 seconds (0d 0h 0m 2s)

---------------  T H R E A D  ---------------

Current thread (0x000002af7e531f20):  JavaThread "C2 CompilerThread3" daemon [_thread_in_native, id=20240, stack(0x000000e27d200000,0x000000e27d300000) (1024K)]


Current CompileTask:
C2:2927 4285       4       jdk.internal.jimage.ImageLocation::getFullName (109 bytes)

Stack: [0x000000e27d200000,0x000000e27d300000]
Native frames: (J=compiled Java code, j=interpreted, Vv=VM code, C=native code)
V  [jvm.dll+0x6cdee9]
V  [jvm.dll+0x8a83d1]
V  [jvm.dll+0x8aa8fe]
V  [jvm.dll+0x8aafe3]
V  [jvm.dll+0x27f706]
V  [jvm.dll+0xc500d]
V  [jvm.dll+0xc5543]
V  [jvm.dll+0x3b678c]
V  [jvm.dll+0x382935]
V  [jvm.dll+0x381d9a]
V  [jvm.dll+0x2479f0]
V  [jvm.dll+0x246fcf]
V  [jvm.dll+0x1c75ee]
V  [jvm.dll+0x25685a]
V  [jvm.dll+0x254dfa]
V  [jvm.dll+0x3f0256]
V  [jvm.dll+0x851f8b]
V  [jvm.dll+0x6cc5ed]
C  [ucrtbase.dll+0x21bb2]
C  [KERNEL32.DLL+0x17374]
C  [ntdll.dll+0x4cc91]


---------------  P R O C E S S  ---------------

Threads class SMR info:
_java_thread_list=0x000002af7d9a3b50, length=54, elements={
0x000002af6ff58e10, 0x000002af753435e0, 0x000002af753446a0, 0x000002af75346740,
0x000002af75348780, 0x000002af7534ba20, 0x000002af7534c080, 0x000002af76a1a390,
0x000002af76a1b080, 0x000002af76adebc0, 0x000002af76b22010, 0x000002af76b22b60,
0x000002af76b48590, 0x000002af76cdcdb0, 0x000002af780db6e0, 0x000002af7827ca70,
0x000002af787a7c40, 0x000002af788926f0, 0x000002af7d2eb6b0, 0x000002af7d537470,
0x000002af7d35a5c0, 0x000002af7d5cb7d0, 0x000002af7d6a91c0, 0x000002af7d6d7b30,
0x000002af7d3da3d0, 0x000002af7d3d75e0, 0x000002af7d3d8300, 0x000002af7d3d9020,
0x000002af7d3d96b0, 0x000002af7d3d7c70, 0x000002af7d3d9d40, 0x000002af7d3daa60,
0x000002af7d3d8990, 0x000002af7f9552c0, 0x000002af7f953f10, 0x000002af7f951120,
0x000002af7f9531f0, 0x000002af7f953880, 0x000002af7f956670, 0x000002af7f950400,
0x000002af7f951e40, 0x000002af7f954c30, 0x000002af7f955950, 0x000002af7f9545a0,
0x000002af7f952b60, 0x000002af7f957390, 0x000002af7f957a20, 0x000002af7f955fe0,
0x000002af7f956d00, 0x000002af7e531f20, 0x000002af7f0610a0, 0x000002af7f21e7c0,
0x000002af7f21ee60, 0x000002af7e9247f0
}

Java Threads: ( => current thread )
  0x000002af6ff58e10 JavaThread "main"                              [_thread_blocked, id=32, stack(0x000000e279000000,0x000000e279100000) (1024K)]
  0x000002af753435e0 JavaThread "Reference Handler"          daemon [_thread_blocked, id=11572, stack(0x000000e279400000,0x000000e279500000) (1024K)]
  0x000002af753446a0 JavaThread "Finalizer"                  daemon [_thread_blocked, id=2068, stack(0x000000e279500000,0x000000e279600000) (1024K)]
  0x000002af75346740 JavaThread "Signal Dispatcher"          daemon [_thread_blocked, id=21244, stack(0x000000e279600000,0x000000e279700000) (1024K)]
  0x000002af75348780 JavaThread "Attach Listener"            daemon [_thread_blocked, id=21524, stack(0x000000e279700000,0x000000e279800000) (1024K)]
  0x000002af7534ba20 JavaThread "Service Thread"             daemon [_thread_blocked, id=21460, stack(0x000000e279800000,0x000000e279900000) (1024K)]
  0x000002af7534c080 JavaThread "Monitor Deflation Thread"   daemon [_thread_blocked, id=25312, stack(0x000000e279900000,0x000000e279a00000) (1024K)]
  0x000002af76a1a390 JavaThread "C2 CompilerThread0"         daemon [_thread_in_native, id=9468, stack(0x000000e279a00000,0x000000e279b00000) (1024K)]
  0x000002af76a1b080 JavaThread "C1 CompilerThread0"         daemon [_thread_blocked, id=3096, stack(0x000000e279b00000,0x000000e279c00000) (1024K)]
  0x000002af76adebc0 JavaThread "Common-Cleaner"             daemon [_thread_blocked, id=17516, stack(0x000000e279c00000,0x000000e279d00000) (1024K)]
  0x000002af76b22010 JavaThread "C1 CompilerThread1"         daemon [_thread_blocked, id=22748, stack(0x000000e279d00000,0x000000e279e00000) (1024K)]
  0x000002af76b22b60 JavaThread "C1 CompilerThread2"         daemon [_thread_blocked, id=12404, stack(0x000000e279e00000,0x000000e279f00000) (1024K)]
  0x000002af76b48590 JavaThread "C2 CompilerThread1"         daemon [_thread_in_native, id=14552, stack(0x000000e279f00000,0x000000e27a000000) (1024K)]
  0x000002af76cdcdb0 JavaThread "C1 CompilerThread3"         daemon [_thread_blocked, id=20768, stack(0x000000e27a000000,0x000000e27a100000) (1024K)]
  0x000002af780db6e0 JavaThread "Notification Thread"        daemon [_thread_blocked, id=13744, stack(0x000000e27a100000,0x000000e27a200000) (1024K)]
  0x000002af7827ca70 JavaThread "C2 CompilerThread2"         daemon [_thread_in_native, id=11936, stack(0x000000e27a200000,0x000000e27a300000) (1024K)]
  0x000002af787a7c40 JavaThread "Active Thread: Equinox Container: 67a62257-e8c8-49b9-9b62-6231d8b830a6"        [_thread_blocked, id=22068, stack(0x000000e27aa00000,0x000000e27ab00000) (1024K)]
  0x000002af788926f0 JavaThread "Framework Event Dispatcher: Equinox Container: 67a62257-e8c8-49b9-9b62-6231d8b830a6" daemon [_thread_blocked, id=21924, stack(0x000000e27ab00000,0x000000e27ac00000) (1024K)]
  0x000002af7d2eb6b0 JavaThread "Start Level: Equinox Container: 67a62257-e8c8-49b9-9b62-6231d8b830a6" daemon [_thread_blocked, id=21160, stack(0x000000e27ac00000,0x000000e27ad00000) (1024K)]
  0x000002af7d537470 JavaThread "SCR Component Actor"        daemon [_thread_blocked, id=18832, stack(0x000000e27ae00000,0x000000e27af00000) (1024K)]
  0x000002af7d35a5c0 JavaThread "SCR Component Registry"     daemon [_thread_blocked, id=11792, stack(0x000000e27af00000,0x000000e27b000000) (1024K)]
  0x000002af7d5cb7d0 JavaThread "Worker-JM"                         [_thread_blocked, id=3504, stack(0x000000e27a300000,0x000000e27a400000) (1024K)]
  0x000002af7d6a91c0 JavaThread "JNA Cleaner"                daemon [_thread_blocked, id=24360, stack(0x000000e27b200000,0x000000e27b300000) (1024K)]
  0x000002af7d6d7b30 JavaThread "Worker-0"                          [_thread_blocked, id=7672, stack(0x000000e27b300000,0x000000e27b400000) (1024K)]
  0x000002af7d3da3d0 JavaThread "Worker-1: Building"                [_thread_in_vm, id=22348, stack(0x000000e27b400000,0x000000e27b500000) (1024K)]
  0x000002af7d3d75e0 JavaThread "Thread-2"                   daemon [_thread_in_native, id=1216, stack(0x000000e27bb00000,0x000000e27bc00000) (1024K)]
  0x000002af7d3d8300 JavaThread "Thread-3"                   daemon [_thread_in_native, id=19120, stack(0x000000e27bc00000,0x000000e27bd00000) (1024K)]
  0x000002af7d3d9020 JavaThread "Thread-4"                   daemon [_thread_in_native, id=23896, stack(0x000000e27bd00000,0x000000e27be00000) (1024K)]
  0x000002af7d3d96b0 JavaThread "Thread-5"                   daemon [_thread_in_native, id=22176, stack(0x000000e27be00000,0x000000e27bf00000) (1024K)]
  0x000002af7d3d7c70 JavaThread "Thread-6"                   daemon [_thread_in_native, id=10852, stack(0x000000e27bf00000,0x000000e27c000000) (1024K)]
  0x000002af7d3d9d40 JavaThread "Thread-7"                   daemon [_thread_in_native, id=21816, stack(0x000000e27c000000,0x000000e27c100000) (1024K)]
  0x000002af7d3daa60 JavaThread "Thread-8"                   daemon [_thread_in_native, id=4732, stack(0x000000e27c100000,0x000000e27c200000) (1024K)]
  0x000002af7d3d8990 JavaThread "Thread-9"                   daemon [_thread_in_native, id=6944, stack(0x000000e27c200000,0x000000e27c300000) (1024K)]
  0x000002af7f9552c0 JavaThread "Thread-10"                  daemon [_thread_in_native, id=25020, stack(0x000000e27c300000,0x000000e27c400000) (1024K)]
  0x000002af7f953f10 JavaThread "Thread-11"                  daemon [_thread_in_native, id=21588, stack(0x000000e27c400000,0x000000e27c500000) (1024K)]
  0x000002af7f951120 JavaThread "Thread-12"                  daemon [_thread_in_native, id=24628, stack(0x000000e27c500000,0x000000e27c600000) (1024K)]
  0x000002af7f9531f0 JavaThread "Thread-13"                  daemon [_thread_in_native, id=15896, stack(0x000000e27c600000,0x000000e27c700000) (1024K)]
  0x000002af7f953880 JavaThread "Thread-14"                  daemon [_thread_in_native, id=19232, stack(0x000000e27c700000,0x000000e27c800000) (1024K)]
  0x000002af7f956670 JavaThread "Thread-15"                  daemon [_thread_in_native, id=19652, stack(0x000000e27c800000,0x000000e27c900000) (1024K)]
  0x000002af7f950400 JavaThread "Thread-16"                  daemon [_thread_in_native, id=16408, stack(0x000000e27c900000,0x000000e27ca00000) (1024K)]
  0x000002af7f951e40 JavaThread "Thread-17"                  daemon [_thread_in_native, id=14432, stack(0x000000e27ca00000,0x000000e27cb00000) (1024K)]
  0x000002af7f954c30 JavaThread "Thread-18"                  daemon [_thread_in_native, id=22004, stack(0x000000e27cb00000,0x000000e27cc00000) (1024K)]
  0x000002af7f955950 JavaThread "pool-2-thread-1"                   [_thread_blocked, id=15068, stack(0x000000e27cc00000,0x000000e27cd00000) (1024K)]
  0x000002af7f9545a0 JavaThread "Worker-2"                          [_thread_blocked, id=14076, stack(0x000000e27cd00000,0x000000e27ce00000) (1024K)]
  0x000002af7f952b60 JavaThread "WorkspaceEventsHandler"            [_thread_blocked, id=21820, stack(0x000000e27ce00000,0x000000e27cf00000) (1024K)]
  0x000002af7f957390 JavaThread "pool-1-thread-1"                   [_thread_blocked, id=6072, stack(0x000000e27cf00000,0x000000e27d000000) (1024K)]
  0x000002af7f957a20 JavaThread "ForkJoinPool.commonPool-worker-1" daemon [_thread_in_vm, id=17896, stack(0x000000e27b800000,0x000000e27b900000) (1024K)]
  0x000002af7f955fe0 JavaThread "ForkJoinPool.commonPool-worker-2" daemon [_thread_blocked, id=504, stack(0x000000e27d000000,0x000000e27d100000) (1024K)]
  0x000002af7f956d00 JavaThread "ForkJoinPool.commonPool-worker-3" daemon [_thread_blocked, id=13772, stack(0x000000e27d100000,0x000000e27d200000) (1024K)]
=>0x000002af7e531f20 JavaThread "C2 CompilerThread3"         daemon [_thread_in_native, id=20240, stack(0x000000e27d200000,0x000000e27d300000) (1024K)]
  0x000002af7f0610a0 JavaThread "C2 CompilerThread4"         daemon [_thread_in_native, id=22108, stack(0x000000e27d300000,0x000000e27d400000) (1024K)]
  0x000002af7f21e7c0 JavaThread "C2 CompilerThread5"         daemon [_thread_in_native, id=6308, stack(0x000000e27d400000,0x000000e27d500000) (1024K)]
  0x000002af7f21ee60 JavaThread "C2 CompilerThread6"         daemon [_thread_in_native, id=7804, stack(0x000000e27d500000,0x000000e27d600000) (1024K)]
  0x000002af7e9247f0 JavaThread "C2 CompilerThread7"         daemon [_thread_in_native, id=22044, stack(0x000000e27d600000,0x000000e27d700000) (1024K)]
Total: 54

Other Threads:
  0x000002af6dcad940 VMThread "VM Thread"                           [id=19820, stack(0x000000e279300000,0x000000e279400000) (1024K)]
  0x000002af6ffc16d0 WatcherThread "VM Periodic Task Thread"        [id=14488, stack(0x000000e279200000,0x000000e279300000) (1024K)]
  0x000002af6dcad200 WorkerThread "GC Thread#0"                     [id=6452, stack(0x000000e279100000,0x000000e279200000) (1024K)]
  0x000002af6dcace60 WorkerThread "GC Thread#1"                     [id=14592, stack(0x000000e27a400000,0x000000e27a500000) (1024K)]
  0x000002af6dcac720 WorkerThread "GC Thread#2"                     [id=18964, stack(0x000000e27a500000,0x000000e27a600000) (1024K)]
  0x000002af7d201220 WorkerThread "GC Thread#3"                     [id=21184, stack(0x000000e27a600000,0x000000e27a700000) (1024K)]
  0x000002af7d200ae0 WorkerThread "GC Thread#4"                     [id=24540, stack(0x000000e27a700000,0x000000e27a800000) (1024K)]
  0x000002af7d2015c0 WorkerThread "GC Thread#5"                     [id=21528, stack(0x000000e27a800000,0x000000e27a900000) (1024K)]
  0x000002af7d1fede0 WorkerThread "GC Thread#6"                     [id=12652, stack(0x000000e27a900000,0x000000e27aa00000) (1024K)]
  0x000002af7d1fea40 WorkerThread "GC Thread#7"                     [id=23832, stack(0x000000e27ad00000,0x000000e27ae00000) (1024K)]
  0x000002af7d1fe300 WorkerThread "GC Thread#8"                     [id=22336, stack(0x000000e27b000000,0x000000e27b100000) (1024K)]
  0x000002af7d1fe6a0 WorkerThread "GC Thread#9"                     [id=20696, stack(0x000000e27b100000,0x000000e27b200000) (1024K)]
  0x000002af7d200740 WorkerThread "GC Thread#10"                    [id=21340, stack(0x000000e27b500000,0x000000e27b600000) (1024K)]
  0x000002af7d1ff8c0 WorkerThread "GC Thread#11"                    [id=10244, stack(0x000000e27b600000,0x000000e27b700000) (1024K)]
  0x000002af7d1fdf60 WorkerThread "GC Thread#12"                    [id=25416, stack(0x000000e27b700000,0x000000e27b800000) (1024K)]
Total: 15

Threads with active compile tasks:
C2 CompilerThread0  2965 4318       4       jdk.internal.jrtfs.JrtFileSystem$$Lambda/0x000002af10345690::apply (16 bytes)
C2 CompilerThread1  2965 3857       4       java.lang.invoke.MethodType::makeImpl (109 bytes)
C2 CompilerThread2  2965 4407       4       org.eclipse.jdt.internal.compiler.classfmt.ClassFileStruct::u1At (16 bytes)
C2 CompilerThread3  2966 4285       4       jdk.internal.jimage.ImageLocation::getFullName (109 bytes)
C2 CompilerThread4  2966 4303       4       jdk.internal.jimage.ImageReader$SharedImageReader::makeDirectories (54 bytes)
C2 CompilerThread5  2966 4308   !   4       java.nio.file.FileTreeWalker::next (144 bytes)
C2 CompilerThread6  2966 4319       4       jdk.internal.jrtfs.JrtPath::resolve (125 bytes)
C2 CompilerThread7  2966 4311   !   4       java.nio.file.FileTreeWalker::visit (204 bytes)
Total: 8

VM state: not at safepoint (normal execution)

VM Mutex/Monitor currently owned by a thread: None

Heap address: 0x00000000c0000000, size: 1024 MB, Compressed Oops mode: 32-bit

CDS archive(s) mapped at: [0x000002af0f000000-0x000002af0fba0000-0x000002af0fba0000), size 12189696, SharedBaseAddress: 0x000002af0f000000, ArchiveRelocationMode: 1.
Compressed class space mapped at: 0x000002af10000000-0x000002af50000000, reserved size: 1073741824
Narrow klass base: 0x000002af0f000000, Narrow klass shift: 0, Narrow klass range: 0x100000000

GC Precious Log:
 CardTable entry size: 512
 CPUs: 16 total, 16 available
 Memory: 16310M
 Large Page Support: Disabled
 NUMA Support: Disabled
 Compressed Oops: Enabled (32-bit)
 Alignments: Space 512K, Generation 512K, Heap 2M
 Heap Min Capacity: 100M
 Heap Initial Capacity: 100M
 Heap Max Capacity: 1G
 Pre-touch: Disabled
 Parallel Workers: 13

Heap:
 PSYoungGen      total 26624K, used 20144K [0x00000000eab00000, 0x00000000ecb00000, 0x0000000100000000)
  eden space 22528K, 72% used [0x00000000eab00000,0x00000000ebae0f60,0x00000000ec100000)
  from space 4096K, 94% used [0x00000000ec700000,0x00000000ecacb3c8,0x00000000ecb00000)
  to   space 4608K, 0% used [0x00000000ec200000,0x00000000ec200000,0x00000000ec680000)
 ParOldGen       total 68608K, used 12719K [0x00000000c0000000, 0x00000000c4300000, 0x00000000eab00000)
  object space 68608K, 18% used [0x00000000c0000000,0x00000000c0c6be80,0x00000000c4300000)
 Metaspace       used 32206K, committed 33216K, reserved 1114112K
  class space    used 3170K, committed 3584K, reserved 1048576K

Card table byte_map: [0x000002af6f900000,0x000002af6fb10000] _byte_map_base: 0x000002af6f300000

Marking Bits: (ParMarkBitMap*) 0x00007fffa1a83260
 Begin Bits: [0x000002af73150000, 0x000002af74150000)
 End Bits:   [0x000002af74150000, 0x000002af75150000)

Polling page: 0x000002af6ddb0000

Metaspace:

Usage:
  Non-class:     28.36 MB used.
      Class:      3.10 MB used.
       Both:     31.45 MB used.

Virtual space:
  Non-class space:       64.00 MB reserved,      28.94 MB ( 45%) committed,  1 nodes.
      Class space:        1.00 GB reserved,       3.50 MB ( <1%) committed,  1 nodes.
             Both:        1.06 GB reserved,      32.44 MB (  3%) committed. 

Chunk freelists:
   Non-Class:  2.84 MB
       Class:  12.52 MB
        Both:  15.36 MB

MaxMetaspaceSize: unlimited
CompressedClassSpaceSize: 1.00 GB
Initial GC threshold: 21.00 MB
Current GC threshold: 35.00 MB
CDS: on
 - commit_granule_bytes: 65536.
 - commit_granule_words: 8192.
 - virtual_space_node_default_size: 8388608.
 - enlarge_chunks_in_place: 1.
 - use_allocation_guard: 0.


Internal statistics:

num_allocs_failed_limit: 3.
num_arena_births: 838.
num_arena_deaths: 14.
num_vsnodes_births: 2.
num_vsnodes_deaths: 0.
num_space_committed: 519.
num_space_uncommitted: 0.
num_chunks_returned_to_freelist: 17.
num_chunks_taken_from_freelist: 2205.
num_chunk_merges: 9.
num_chunk_splits: 1390.
num_chunks_enlarged: 773.
num_inconsistent_stats: 0.

CodeHeap 'non-profiled nmethods': size=119168Kb used=2079Kb max_used=2079Kb free=117089Kb
 bounds [0x000002af07ba0000, 0x000002af07e10000, 0x000002af0f000000]
CodeHeap 'profiled nmethods': size=119104Kb used=8931Kb max_used=8931Kb free=110172Kb
 bounds [0x000002af00000000, 0x000002af008c0000, 0x000002af07450000]
CodeHeap 'non-nmethods': size=7488Kb used=3045Kb max_used=3097Kb free=4443Kb
 bounds [0x000002af07450000, 0x000002af07770000, 0x000002af07ba0000]
 total_blobs=5050 nmethods=4399 adapters=554
 compilation: enabled
              stopped_count=0, restarted_count=0
 full_count=0

Compilation events (20 events):
Event: 2.908 Thread 0x000002af76a1b080 nmethod 4307 0x000002af0088f110 code [0x000002af0088f3e0, 0x000002af00890610]
Event: 2.911 Thread 0x000002af76a1a390 nmethod 4293 0x000002af07d96c90 code [0x000002af07d96e80, 0x000002af07d976a0]
Event: 2.911 Thread 0x000002af76a1a390 4310       4       java.util.stream.SpinedBuffer::clear (88 bytes)
Event: 2.912 Thread 0x000002af76a1a390 nmethod 4310 0x000002af07d97b90 code [0x000002af07d97d20, 0x000002af07d97e28]
Event: 2.912 Thread 0x000002af76a1a390 4288       4       jdk.internal.jrtfs.JrtPath::checkPath (47 bytes)
Event: 2.913 Thread 0x000002af76a1a390 nmethod 4288 0x000002af07d97f10 code [0x000002af07d980a0, 0x000002af07d98168]
Event: 2.913 Thread 0x000002af76a1a390 4299       4       java.util.stream.StreamSpliterators$WrappingSpliterator::tryAdvance (36 bytes)
Event: 2.920 Thread 0x000002af7827ca70 nmethod 4296 0x000002af07d98210 code [0x000002af07d984e0, 0x000002af07d990a0]
Event: 2.920 Thread 0x000002af7827ca70 4313       4       org.eclipse.jdt.internal.core.util.Util::splitOn (134 bytes)
Event: 2.921 Thread 0x000002af7f21e7c0 4308   !   4       java.nio.file.FileTreeWalker::next (144 bytes)
Event: 2.921 Thread 0x000002af7f21ee60 4302   !   4       jdk.internal.jrtfs.JrtDirectoryStream$1::hasNext (41 bytes)
Event: 2.921 Thread 0x000002af7e9247f0 4297       4       java.nio.ByteBufferAsIntBufferL::get (31 bytes)
Event: 2.921 Thread 0x000002af76cdcdb0 4320       3       jdk.internal.jimage.ImageReader$SharedImageReader$$Lambda/0x000002af1034caf0::<init> (15 bytes)
Event: 2.921 Thread 0x000002af76cdcdb0 nmethod 4320 0x000002af00890d90 code [0x000002af00890f40, 0x000002af008910d8]
Event: 2.922 Thread 0x000002af7e9247f0 nmethod 4297 0x000002af07d99c10 code [0x000002af07d99da0, 0x000002af07d99ee0]
Event: 2.922 Thread 0x000002af76cdcdb0 4321   !   3       java.nio.file.FileTreeWalker::pop (35 bytes)
Event: 2.923 Thread 0x000002af7e9247f0 4305       4       java.util.stream.Sink::begin (1 bytes)
Event: 2.923 Thread 0x000002af76cdcdb0 nmethod 4321 0x000002af00891190 code [0x000002af008913a0, 0x000002af008919f8]
Event: 2.924 Thread 0x000002af7e9247f0 nmethod 4305 0x000002af07d9a110 code [0x000002af07d9a2a0, 0x000002af07d9a328]
Event: 2.924 Thread 0x000002af7e9247f0 4300       4       java.util.stream.StreamSpliterators$AbstractWrappingSpliterator::doAdvance (106 bytes)

GC Heap History (20 events):
Event: 0.893 GC heap before
{Heap before GC invocations=2 (full 0):
 PSYoungGen      total 29696K, used 28773K [0x00000000eab00000, 0x00000000ecc00000, 0x0000000100000000)
  eden space 25600K, 100% used [0x00000000eab00000,0x00000000ec400000,0x00000000ec400000)
  from space 4096K, 77% used [0x00000000ec400000,0x00000000ec7197f0,0x00000000ec800000)
  to   space 4096K, 0% used [0x00000000ec800000,0x00000000ec800000,0x00000000ecc00000)
 ParOldGen       total 68608K, used 16K [0x00000000c0000000, 0x00000000c4300000, 0x00000000eab00000)
  object space 68608K, 0% used [0x00000000c0000000,0x00000000c0004000,0x00000000c4300000)
 Metaspace       used 7919K, committed 8256K, reserved 1114112K
  class space    used 778K, committed 960K, reserved 1048576K
}
Event: 0.897 GC heap after
{Heap after GC invocations=2 (full 0):
 PSYoungGen      total 29696K, used 4068K [0x00000000eab00000, 0x00000000ecc00000, 0x0000000100000000)
  eden space 25600K, 0% used [0x00000000eab00000,0x00000000eab00000,0x00000000ec400000)
  from space 4096K, 99% used [0x00000000ec800000,0x00000000ecbf9178,0x00000000ecc00000)
  to   space 4096K, 0% used [0x00000000ec400000,0x00000000ec400000,0x00000000ec800000)
 ParOldGen       total 68608K, used 837K [0x00000000c0000000, 0x00000000c4300000, 0x00000000eab00000)
  object space 68608K, 1% used [0x00000000c0000000,0x00000000c00d16a8,0x00000000c4300000)
 Metaspace       used 7919K, committed 8256K, reserved 1114112K
  class space    used 778K, committed 960K, reserved 1048576K
}
Event: 1.232 GC heap before
{Heap before GC invocations=3 (full 0):
 PSYoungGen      total 29696K, used 29609K [0x00000000eab00000, 0x00000000ecc00000, 0x0000000100000000)
  eden space 25600K, 99% used [0x00000000eab00000,0x00000000ec3f13d8,0x00000000ec400000)
  from space 4096K, 99% used [0x00000000ec800000,0x00000000ecbf9178,0x00000000ecc00000)
  to   space 4096K, 0% used [0x00000000ec400000,0x00000000ec400000,0x00000000ec800000)
 ParOldGen       total 68608K, used 837K [0x00000000c0000000, 0x00000000c4300000, 0x00000000eab00000)
  object space 68608K, 1% used [0x00000000c0000000,0x00000000c00d16a8,0x00000000c4300000)
 Metaspace       used 12675K, committed 13184K, reserved 1114112K
  class space    used 1267K, committed 1472K, reserved 1048576K
}
Event: 1.236 GC heap after
{Heap after GC invocations=3 (full 0):
 PSYoungGen      total 29696K, used 4093K [0x00000000eab00000, 0x00000000ecc00000, 0x0000000100000000)
  eden space 25600K, 0% used [0x00000000eab00000,0x00000000eab00000,0x00000000ec400000)
  from space 4096K, 99% used [0x00000000ec400000,0x00000000ec7ff6e8,0x00000000ec800000)
  to   space 4096K, 0% used [0x00000000ec800000,0x00000000ec800000,0x00000000ecc00000)
 ParOldGen       total 68608K, used 2448K [0x00000000c0000000, 0x00000000c4300000, 0x00000000eab00000)
  object space 68608K, 3% used [0x00000000c0000000,0x00000000c02641d0,0x00000000c4300000)
 Metaspace       used 12675K, committed 13184K, reserved 1114112K
  class space    used 1267K, committed 1472K, reserved 1048576K
}
Event: 1.581 GC heap before
{Heap before GC invocations=4 (full 0):
 PSYoungGen      total 29696K, used 29693K [0x00000000eab00000, 0x00000000ecc00000, 0x0000000100000000)
  eden space 25600K, 100% used [0x00000000eab00000,0x00000000ec400000,0x00000000ec400000)
  from space 4096K, 99% used [0x00000000ec400000,0x00000000ec7ff6e8,0x00000000ec800000)
  to   space 4096K, 0% used [0x00000000ec800000,0x00000000ec800000,0x00000000ecc00000)
 ParOldGen       total 68608K, used 2448K [0x00000000c0000000, 0x00000000c4300000, 0x00000000eab00000)
  object space 68608K, 3% used [0x00000000c0000000,0x00000000c02641d0,0x00000000c4300000)
 Metaspace       used 16756K, committed 17408K, reserved 1114112K
  class space    used 1678K, committed 1920K, reserved 1048576K
}
Event: 1.584 GC heap after
{Heap after GC invocations=4 (full 0):
 PSYoungGen      total 29696K, used 4089K [0x00000000eab00000, 0x00000000ecc00000, 0x0000000100000000)
  eden space 25600K, 0% used [0x00000000eab00000,0x00000000eab00000,0x00000000ec400000)
  from space 4096K, 99% used [0x00000000ec800000,0x00000000ecbfe738,0x00000000ecc00000)
  to   space 4096K, 0% used [0x00000000ec400000,0x00000000ec400000,0x00000000ec800000)
 ParOldGen       total 68608K, used 4203K [0x00000000c0000000, 0x00000000c4300000, 0x00000000eab00000)
  object space 68608K, 6% used [0x00000000c0000000,0x00000000c041aca0,0x00000000c4300000)
 Metaspace       used 16756K, committed 17408K, reserved 1114112K
  class space    used 1678K, committed 1920K, reserved 1048576K
}
Event: 1.742 GC heap before
{Heap before GC invocations=5 (full 0):
 PSYoungGen      total 29696K, used 29689K [0x00000000eab00000, 0x00000000ecc00000, 0x0000000100000000)
  eden space 25600K, 100% used [0x00000000eab00000,0x00000000ec400000,0x00000000ec400000)
  from space 4096K, 99% used [0x00000000ec800000,0x00000000ecbfe738,0x00000000ecc00000)
  to   space 4096K, 0% used [0x00000000ec400000,0x00000000ec400000,0x00000000ec800000)
 ParOldGen       total 68608K, used 4203K [0x00000000c0000000, 0x00000000c4300000, 0x00000000eab00000)
  object space 68608K, 6% used [0x00000000c0000000,0x00000000c041aca0,0x00000000c4300000)
 Metaspace       used 19934K, committed 20544K, reserved 1114112K
  class space    used 1889K, committed 2176K, reserved 1048576K
}
Event: 1.743 GC heap after
{Heap after GC invocations=5 (full 0):
 PSYoungGen      total 29184K, used 4089K [0x00000000eab00000, 0x00000000ecd80000, 0x0000000100000000)
  eden space 25088K, 0% used [0x00000000eab00000,0x00000000eab00000,0x00000000ec380000)
  from space 4096K, 99% used [0x00000000ec400000,0x00000000ec7fe738,0x00000000ec800000)
  to   space 5120K, 0% used [0x00000000ec880000,0x00000000ec880000,0x00000000ecd80000)
 ParOldGen       total 68608K, used 4415K [0x00000000c0000000, 0x00000000c4300000, 0x00000000eab00000)
  object space 68608K, 6% used [0x00000000c0000000,0x00000000c044fde8,0x00000000c4300000)
 Metaspace       used 19934K, committed 20544K, reserved 1114112K
  class space    used 1889K, committed 2176K, reserved 1048576K
}
Event: 1.778 GC heap before
{Heap before GC invocations=6 (full 0):
 PSYoungGen      total 29184K, used 12153K [0x00000000eab00000, 0x00000000ecd80000, 0x0000000100000000)
  eden space 25088K, 32% used [0x00000000eab00000,0x00000000eb2dff68,0x00000000ec380000)
  from space 4096K, 99% used [0x00000000ec400000,0x00000000ec7fe738,0x00000000ec800000)
  to   space 5120K, 0% used [0x00000000ec880000,0x00000000ec880000,0x00000000ecd80000)
 ParOldGen       total 68608K, used 4415K [0x00000000c0000000, 0x00000000c4300000, 0x00000000eab00000)
  object space 68608K, 6% used [0x00000000c0000000,0x00000000c044fde8,0x00000000c4300000)
 Metaspace       used 20909K, committed 21504K, reserved 1114112K
  class space    used 1969K, committed 2240K, reserved 1048576K
}
Event: 1.780 GC heap after
{Heap after GC invocations=6 (full 0):
 PSYoungGen      total 29696K, used 4233K [0x00000000eab00000, 0x00000000ecd00000, 0x0000000100000000)
  eden space 25088K, 0% used [0x00000000eab00000,0x00000000eab00000,0x00000000ec380000)
  from space 4608K, 91% used [0x00000000ec880000,0x00000000ecca2748,0x00000000ecd00000)
  to   space 4608K, 0% used [0x00000000ec400000,0x00000000ec400000,0x00000000ec880000)
 ParOldGen       total 68608K, used 4423K [0x00000000c0000000, 0x00000000c4300000, 0x00000000eab00000)
  object space 68608K, 6% used [0x00000000c0000000,0x00000000c0451de8,0x00000000c4300000)
 Metaspace       used 20909K, committed 21504K, reserved 1114112K
  class space    used 1969K, committed 2240K, reserved 1048576K
}
Event: 1.780 GC heap before
{Heap before GC invocations=7 (full 1):
 PSYoungGen      total 29696K, used 4233K [0x00000000eab00000, 0x00000000ecd00000, 0x0000000100000000)
  eden space 25088K, 0% used [0x00000000eab00000,0x00000000eab00000,0x00000000ec380000)
  from space 4608K, 91% used [0x00000000ec880000,0x00000000ecca2748,0x00000000ecd00000)
  to   space 4608K, 0% used [0x00000000ec400000,0x00000000ec400000,0x00000000ec880000)
 ParOldGen       total 68608K, used 4423K [0x00000000c0000000, 0x00000000c4300000, 0x00000000eab00000)
  object space 68608K, 6% used [0x00000000c0000000,0x00000000c0451de8,0x00000000c4300000)
 Metaspace       used 20909K, committed 21504K, reserved 1114112K
  class space    used 1969K, committed 2240K, reserved 1048576K
}
Event: 1.798 GC heap after
{Heap after GC invocations=7 (full 1):
 PSYoungGen      total 29696K, used 0K [0x00000000eab00000, 0x00000000ecd00000, 0x0000000100000000)
  eden space 25088K, 0% used [0x00000000eab00000,0x00000000eab00000,0x00000000ec380000)
  from space 4608K, 0% used [0x00000000ec880000,0x00000000ec880000,0x00000000ecd00000)
  to   space 4608K, 0% used [0x00000000ec400000,0x00000000ec400000,0x00000000ec880000)
 ParOldGen       total 68608K, used 8208K [0x00000000c0000000, 0x00000000c4300000, 0x00000000eab00000)
  object space 68608K, 11% used [0x00000000c0000000,0x00000000c08040b0,0x00000000c4300000)
 Metaspace       used 20897K, committed 21504K, reserved 1114112K
  class space    used 1965K, committed 2240K, reserved 1048576K
}
Event: 1.983 GC heap before
{Heap before GC invocations=8 (full 1):
 PSYoungGen      total 29696K, used 25088K [0x00000000eab00000, 0x00000000ecd00000, 0x0000000100000000)
  eden space 25088K, 100% used [0x00000000eab00000,0x00000000ec380000,0x00000000ec380000)
  from space 4608K, 0% used [0x00000000ec880000,0x00000000ec880000,0x00000000ecd00000)
  to   space 4608K, 0% used [0x00000000ec400000,0x00000000ec400000,0x00000000ec880000)
 ParOldGen       total 68608K, used 8208K [0x00000000c0000000, 0x00000000c4300000, 0x00000000eab00000)
  object space 68608K, 11% used [0x00000000c0000000,0x00000000c08040b0,0x00000000c4300000)
 Metaspace       used 22811K, committed 23488K, reserved 1114112K
  class space    used 2110K, committed 2368K, reserved 1048576K
}
Event: 1.985 GC heap after
{Heap after GC invocations=8 (full 1):
 PSYoungGen      total 27648K, used 2871K [0x00000000eab00000, 0x00000000eca00000, 0x0000000100000000)
  eden space 24576K, 0% used [0x00000000eab00000,0x00000000eab00000,0x00000000ec300000)
  from space 3072K, 93% used [0x00000000ec400000,0x00000000ec6cde50,0x00000000ec700000)
  to   space 3072K, 0% used [0x00000000ec700000,0x00000000ec700000,0x00000000eca00000)
 ParOldGen       total 68608K, used 8216K [0x00000000c0000000, 0x00000000c4300000, 0x00000000eab00000)
  object space 68608K, 11% used [0x00000000c0000000,0x00000000c08060b0,0x00000000c4300000)
 Metaspace       used 22811K, committed 23488K, reserved 1114112K
  class space    used 2110K, committed 2368K, reserved 1048576K
}
Event: 2.271 GC heap before
{Heap before GC invocations=9 (full 1):
 PSYoungGen      total 27648K, used 27447K [0x00000000eab00000, 0x00000000eca00000, 0x0000000100000000)
  eden space 24576K, 100% used [0x00000000eab00000,0x00000000ec300000,0x00000000ec300000)
  from space 3072K, 93% used [0x00000000ec400000,0x00000000ec6cde50,0x00000000ec700000)
  to   space 3072K, 0% used [0x00000000ec700000,0x00000000ec700000,0x00000000eca00000)
 ParOldGen       total 68608K, used 8216K [0x00000000c0000000, 0x00000000c4300000, 0x00000000eab00000)
  object space 68608K, 11% used [0x00000000c0000000,0x00000000c08060b0,0x00000000c4300000)
 Metaspace       used 26595K, committed 27456K, reserved 1114112K
  class space    used 2523K, committed 2880K, reserved 1048576K
}
Event: 2.273 GC heap after
{Heap after GC invocations=9 (full 1):
 PSYoungGen      total 26624K, used 3064K [0x00000000eab00000, 0x00000000ecc80000, 0x0000000100000000)
  eden space 23552K, 0% used [0x00000000eab00000,0x00000000eab00000,0x00000000ec200000)
  from space 3072K, 99% used [0x00000000ec700000,0x00000000ec9fe110,0x00000000eca00000)
  to   space 5120K, 0% used [0x00000000ec200000,0x00000000ec200000,0x00000000ec700000)
 ParOldGen       total 68608K, used 9681K [0x00000000c0000000, 0x00000000c4300000, 0x00000000eab00000)
  object space 68608K, 14% used [0x00000000c0000000,0x00000000c09745f0,0x00000000c4300000)
 Metaspace       used 26595K, committed 27456K, reserved 1114112K
  class space    used 2523K, committed 2880K, reserved 1048576K
}
Event: 2.695 GC heap before
{Heap before GC invocations=10 (full 1):
 PSYoungGen      total 26624K, used 26602K [0x00000000eab00000, 0x00000000ecc80000, 0x0000000100000000)
  eden space 23552K, 99% used [0x00000000eab00000,0x00000000ec1fc8d8,0x00000000ec200000)
  from space 3072K, 99% used [0x00000000ec700000,0x00000000ec9fe110,0x00000000eca00000)
  to   space 5120K, 0% used [0x00000000ec200000,0x00000000ec200000,0x00000000ec700000)
 ParOldGen       total 68608K, used 9681K [0x00000000c0000000, 0x00000000c4300000, 0x00000000eab00000)
  object space 68608K, 14% used [0x00000000c0000000,0x00000000c09745f0,0x00000000c4300000)
 Metaspace       used 30278K, committed 31104K, reserved 1114112K
  class space    used 2937K, committed 3328K, reserved 1048576K
}
Event: 2.698 GC heap after
{Heap after GC invocations=10 (full 1):
 PSYoungGen      total 28160K, used 4747K [0x00000000eab00000, 0x00000000ecb80000, 0x0000000100000000)
  eden space 23040K, 0% used [0x00000000eab00000,0x00000000eab00000,0x00000000ec180000)
  from space 5120K, 92% used [0x00000000ec200000,0x00000000ec6a2ef0,0x00000000ec700000)
  to   space 4608K, 0% used [0x00000000ec700000,0x00000000ec700000,0x00000000ecb80000)
 ParOldGen       total 68608K, used 9689K [0x00000000c0000000, 0x00000000c4300000, 0x00000000eab00000)
  object space 68608K, 14% used [0x00000000c0000000,0x00000000c09765f0,0x00000000c4300000)
 Metaspace       used 30278K, committed 31104K, reserved 1114112K
  class space    used 2937K, committed 3328K, reserved 1048576K
}
Event: 2.885 GC heap before
{Heap before GC invocations=11 (full 1):
 PSYoungGen      total 28160K, used 27787K [0x00000000eab00000, 0x00000000ecb80000, 0x0000000100000000)
  eden space 23040K, 99% used [0x00000000eab00000,0x00000000ec17fff0,0x00000000ec180000)
  from space 5120K, 92% used [0x00000000ec200000,0x00000000ec6a2ef0,0x00000000ec700000)
  to   space 4608K, 0% used [0x00000000ec700000,0x00000000ec700000,0x00000000ecb80000)
 ParOldGen       total 68608K, used 9689K [0x00000000c0000000, 0x00000000c4300000, 0x00000000eab00000)
  object space 68608K, 14% used [0x00000000c0000000,0x00000000c09765f0,0x00000000c4300000)
 Metaspace       used 31774K, committed 32704K, reserved 1114112K
  class space    used 3093K, committed 3520K, reserved 1048576K
}
Event: 2.888 GC heap after
{Heap after GC invocations=11 (full 1):
 PSYoungGen      total 26624K, used 3884K [0x00000000eab00000, 0x00000000ecb00000, 0x0000000100000000)
  eden space 22528K, 0% used [0x00000000eab00000,0x00000000eab00000,0x00000000ec100000)
  from space 4096K, 94% used [0x00000000ec700000,0x00000000ecacb3c8,0x00000000ecb00000)
  to   space 4608K, 0% used [0x00000000ec200000,0x00000000ec200000,0x00000000ec680000)
 ParOldGen       total 68608K, used 12719K [0x00000000c0000000, 0x00000000c4300000, 0x00000000eab00000)
  object space 68608K, 18% used [0x00000000c0000000,0x00000000c0c6be80,0x00000000c4300000)
 Metaspace       used 31774K, committed 32704K, reserved 1114112K
  class space    used 3093K, committed 3520K, reserved 1048576K
}

Dll operation events (10 events):
Event: 0.004 Loaded shared library c:\Users\moham\.vscode\extensions\redhat.java-1.41.1-win32-x64\jre\21.0.6-win32-x86_64\bin\java.dll
Event: 0.047 Loaded shared library c:\Users\moham\.vscode\extensions\redhat.java-1.41.1-win32-x64\jre\21.0.6-win32-x86_64\bin\zip.dll
Event: 0.060 Loaded shared library C:\Users\moham\.vscode\extensions\redhat.java-1.41.1-win32-x64\jre\21.0.6-win32-x86_64\bin\instrument.dll
Event: 0.064 Loaded shared library C:\Users\moham\.vscode\extensions\redhat.java-1.41.1-win32-x64\jre\21.0.6-win32-x86_64\bin\net.dll
Event: 0.065 Loaded shared library C:\Users\moham\.vscode\extensions\redhat.java-1.41.1-win32-x64\jre\21.0.6-win32-x86_64\bin\nio.dll
Event: 0.067 Loaded shared library C:\Users\moham\.vscode\extensions\redhat.java-1.41.1-win32-x64\jre\21.0.6-win32-x86_64\bin\zip.dll
Event: 0.079 Loaded shared library C:\Users\moham\.vscode\extensions\redhat.java-1.41.1-win32-x64\jre\21.0.6-win32-x86_64\bin\jimage.dll
Event: 0.124 Loaded shared library c:\Users\moham\.vscode\extensions\redhat.java-1.41.1-win32-x64\jre\21.0.6-win32-x86_64\bin\verify.dll
Event: 0.886 Loaded shared library C:\Users\moham\AppData\Roaming\Code\User\globalStorage\redhat.java\1.41.1\config_ss_win\org.eclipse.equinox.launcher\org.eclipse.equinox.launcher.win32.win32.x86_64_1.2.1300.v20250331-1702\eclipse_11911.dll
Event: 1.461 Loaded shared library C:\Users\moham\AppData\Local\Temp\jna-104073650\jna7460512392538351730.dll

Deoptimization events (20 events):
Event: 2.848 Thread 0x000002af7f957a20 Uncommon trap: trap_request=0xffffffc6 fr.pc=0x000002af07d811bc relative=0x000000000000021c
Event: 2.848 Thread 0x000002af7f957a20 Uncommon trap: reason=bimorphic_or_optimized_type_check action=maybe_recompile pc=0x000002af07d811bc method=jdk.internal.jimage.ImageReader$SharedImageReader.findNode(Ljava/lang/String;)Ljdk/internal/jimage/ImageReader$Node; @ 22 c2
Event: 2.848 Thread 0x000002af7f957a20 DEOPT PACKING pc=0x000002af07d811bc sp=0x000000e27b8fd5b0
Event: 2.848 Thread 0x000002af7f957a20 DEOPT UNPACKING pc=0x000002af074a3aa2 sp=0x000000e27b8fd578 mode 2
Event: 2.853 Thread 0x000002af7f957a20 Uncommon trap: trap_request=0xffffffc6 fr.pc=0x000002af07d811bc relative=0x000000000000021c
Event: 2.853 Thread 0x000002af7f957a20 Uncommon trap: reason=bimorphic_or_optimized_type_check action=maybe_recompile pc=0x000002af07d811bc method=jdk.internal.jimage.ImageReader$SharedImageReader.findNode(Ljava/lang/String;)Ljdk/internal/jimage/ImageReader$Node; @ 22 c2
Event: 2.853 Thread 0x000002af7f957a20 DEOPT PACKING pc=0x000002af07d811bc sp=0x000000e27b8fd5b0
Event: 2.853 Thread 0x000002af7f957a20 DEOPT UNPACKING pc=0x000002af074a3aa2 sp=0x000000e27b8fd578 mode 2
Event: 2.853 Thread 0x000002af7f957a20 Uncommon trap: trap_request=0xffffffc6 fr.pc=0x000002af07d811bc relative=0x000000000000021c
Event: 2.853 Thread 0x000002af7f957a20 Uncommon trap: reason=bimorphic_or_optimized_type_check action=maybe_recompile pc=0x000002af07d811bc method=jdk.internal.jimage.ImageReader$SharedImageReader.findNode(Ljava/lang/String;)Ljdk/internal/jimage/ImageReader$Node; @ 22 c2
Event: 2.853 Thread 0x000002af7f957a20 DEOPT PACKING pc=0x000002af07d811bc sp=0x000000e27b8fd5b0
Event: 2.853 Thread 0x000002af7f957a20 DEOPT UNPACKING pc=0x000002af074a3aa2 sp=0x000000e27b8fd578 mode 2
Event: 2.853 Thread 0x000002af7f957a20 Uncommon trap: trap_request=0xffffffc6 fr.pc=0x000002af07d811bc relative=0x000000000000021c
Event: 2.853 Thread 0x000002af7f957a20 Uncommon trap: reason=bimorphic_or_optimized_type_check action=maybe_recompile pc=0x000002af07d811bc method=jdk.internal.jimage.ImageReader$SharedImageReader.findNode(Ljava/lang/String;)Ljdk/internal/jimage/ImageReader$Node; @ 22 c2
Event: 2.853 Thread 0x000002af7f957a20 DEOPT PACKING pc=0x000002af07d811bc sp=0x000000e27b8fd5b0
Event: 2.853 Thread 0x000002af7f957a20 DEOPT UNPACKING pc=0x000002af074a3aa2 sp=0x000000e27b8fd578 mode 2
Event: 2.904 Thread 0x000002af7f957a20 Uncommon trap: trap_request=0xffffff45 fr.pc=0x000002af07d8e200 relative=0x0000000000001180
Event: 2.904 Thread 0x000002af7f957a20 Uncommon trap: reason=unstable_if action=reinterpret pc=0x000002af07d8e200 method=org.eclipse.jdt.internal.core.util.Util.splitOn(CLjava/lang/String;II)[Ljava/lang/String; @ 21 c2
Event: 2.904 Thread 0x000002af7f957a20 DEOPT PACKING pc=0x000002af07d8e200 sp=0x000000e27b8fd7d0
Event: 2.904 Thread 0x000002af7f957a20 DEOPT UNPACKING pc=0x000002af074a3aa2 sp=0x000000e27b8fd798 mode 2

Classes loaded (20 events):
Event: 2.799 Loading class java/nio/file/FileTreeWalker$Event
Event: 2.799 Loading class java/nio/file/FileTreeWalker$Event done
Event: 2.799 Loading class java/nio/file/FileTreeWalker$EventType
Event: 2.799 Loading class java/nio/file/FileTreeWalker$EventType done
Event: 2.799 Loading class java/nio/file/Files$3
Event: 2.799 Loading class java/nio/file/Files$3 done
Event: 2.799 Loading class java/nio/file/FileVisitResult
Event: 2.800 Loading class java/nio/file/FileVisitResult done
Event: 2.832 Loading class java/lang/runtime/ObjectMethods
Event: 2.832 Loading class java/lang/runtime/ObjectMethods done
Event: 2.835 Loading class java/lang/invoke/MethodHandleImpl$Makers
Event: 2.835 Loading class java/lang/invoke/MethodHandleImpl$Makers done
Event: 2.836 Loading class java/lang/invoke/MethodHandleImpl$Makers$1
Event: 2.836 Loading class java/lang/invoke/MethodHandleImpl$Makers$1 done
Event: 2.836 Loading class java/lang/invoke/MethodHandleImpl$Makers$2
Event: 2.836 Loading class java/lang/invoke/MethodHandleImpl$Makers$2 done
Event: 2.836 Loading class java/lang/invoke/MethodHandleImpl$Makers$3
Event: 2.836 Loading class java/lang/invoke/MethodHandleImpl$Makers$3 done
Event: 2.840 Loading class java/lang/runtime/ObjectMethods$1
Event: 2.840 Loading class java/lang/runtime/ObjectMethods$1 done

Classes unloaded (7 events):
Event: 1.783 Thread 0x000002af6dcad940 Unloading class 0x000002af10182c00 'java/lang/invoke/LambdaForm$MH+0x000002af10182c00'
Event: 1.783 Thread 0x000002af6dcad940 Unloading class 0x000002af10182800 'java/lang/invoke/LambdaForm$MH+0x000002af10182800'
Event: 1.783 Thread 0x000002af6dcad940 Unloading class 0x000002af10182400 'java/lang/invoke/LambdaForm$MH+0x000002af10182400'
Event: 1.783 Thread 0x000002af6dcad940 Unloading class 0x000002af10182000 'java/lang/invoke/LambdaForm$MH+0x000002af10182000'
Event: 1.783 Thread 0x000002af6dcad940 Unloading class 0x000002af10181c00 'java/lang/invoke/LambdaForm$BMH+0x000002af10181c00'
Event: 1.783 Thread 0x000002af6dcad940 Unloading class 0x000002af10181800 'java/lang/invoke/LambdaForm$DMH+0x000002af10181800'
Event: 1.783 Thread 0x000002af6dcad940 Unloading class 0x000002af10180400 'java/lang/invoke/LambdaForm$DMH+0x000002af10180400'

Classes redefined (0 events):
No events

Internal exceptions (20 events):
Event: 2.832 Thread 0x000002af7f956d00 Exception <a 'java/lang/NoSuchMethodError'{0x00000000eb5b04f0}: 'java.lang.Object java.lang.invoke.DirectMethodHandle$Holder.invokeStaticInit(java.lang.Object, java.lang.Object, java.lang.Object, java.lang.Object, java.lang.Object, java.lang.Object, java.lang.Object)'> (0x00000000eb5b04f0) 
thrown [s\src\hotspot\share\interpreter\linkResolver.cpp, line 773]
Event: 2.833 Thread 0x000002af7d3da3d0 Exception <a 'java/lang/NoSuchMethodError'{0x00000000eb5d7118}: 'java.lang.Object java.lang.invoke.DirectMethodHandle$Holder.invokeStaticInit(java.lang.Object, java.lang.Object, java.lang.Object, java.lang.Object, java.lang.Object, java.lang.Object, java.lang.Object)'> (0x00000000eb5d7118) 
thrown [s\src\hotspot\share\interpreter\linkResolver.cpp, line 773]
Event: 2.834 Thread 0x000002af7f957a20 Exception <a 'java/lang/NoSuchMethodError'{0x00000000eb5e1d48}: 'java.lang.Object java.lang.invoke.Invokers$Holder.invoke_MT(java.lang.Object, java.lang.Object, java.lang.Object, java.lang.Object, java.lang.Object, java.lang.Object, java.lang.Object, java.lang.Object, java.lang.Object, java.lang.Object)'> (0x00000000eb5e1d48) 
thrown [s\src\hotspot\share\interpreter\linkResolver.cpp, line 773]
Event: 2.834 Thread 0x000002af7d3da3d0 Exception <a 'java/lang/NoSuchMethodError'{0x00000000eb5e0440}: 'java.lang.Object java.lang.invoke.Invokers$Holder.invoke_MT(java.lang.Object, java.lang.Object, java.lang.Object, java.lang.Object, java.lang.Object, java.lang.Object, java.lang.Object, java.lang.Object, java.lang.Object, java.lang.Object)'> (0x00000000eb5e0440) 
thrown [s\src\hotspot\share\interpreter\linkResolver.cpp, line 773]
Event: 2.834 Thread 0x000002af7f956d00 Exception <a 'java/lang/NoSuchMethodError'{0x00000000eb5e7298}: 'java.lang.Object java.lang.invoke.Invokers$Holder.invoke_MT(java.lang.Object, java.lang.Object, java.lang.Object, java.lang.Object, java.lang.Object, java.lang.Object, java.lang.Object, java.lang.Object, java.lang.Object, java.lang.Object)'> (0x00000000eb5e7298) 
thrown [s\src\hotspot\share\interpreter\linkResolver.cpp, line 773]
Event: 2.834 Thread 0x000002af7f955fe0 Exception <a 'java/lang/NoSuchMethodError'{0x00000000eb5d9968}: 'java.lang.Object java.lang.invoke.Invokers$Holder.invoke_MT(java.lang.Object, java.lang.Object, java.lang.Object, java.lang.Object, java.lang.Object, java.lang.Object, java.lang.Object, java.lang.Object, java.lang.Object, java.lang.Object)'> (0x00000000eb5d9968) 
thrown [s\src\hotspot\share\interpreter\linkResolver.cpp, line 773]
Event: 2.834 Thread 0x000002af7f957390 Exception <a 'java/lang/NoSuchMethodError'{0x00000000eb5994b0}: 'java.lang.Object java.lang.invoke.Invokers$Holder.invoke_MT(java.lang.Object, java.lang.Object, java.lang.Object, java.lang.Object, java.lang.Object, java.lang.Object, java.lang.Object, java.lang.Object, java.lang.Object, java.lang.Object)'> (0x00000000eb5994b0) 
thrown [s\src\hotspot\share\interpreter\linkResolver.cpp, line 773]
Event: 2.840 Thread 0x000002af7f955fe0 Exception <a 'java/lang/NoSuchMethodError'{0x00000000eb698a18}: 'int java.lang.invoke.DirectMethodHandle$Holder.invokeVirtual(java.lang.Object, java.lang.Object, java.lang.Object)'> (0x00000000eb698a18) 
thrown [s\src\hotspot\share\interpreter\linkResolver.cpp, line 773]
Event: 2.841 Thread 0x000002af7f955fe0 Exception <a 'java/lang/NoSuchMethodError'{0x00000000eb69cf48}: 'int java.lang.invoke.DirectMethodHandle$Holder.invokeStaticInit(java.lang.Object, int, int)'> (0x00000000eb69cf48) 
thrown [s\src\hotspot\share\interpreter\linkResolver.cpp, line 773]
Event: 2.841 Thread 0x000002af7f955fe0 Exception <a 'java/lang/NoSuchMethodError'{0x00000000eb6a4aa8}: 'int java.lang.invoke.DirectMethodHandle$Holder.invokeStaticInit(java.lang.Object, long, long)'> (0x00000000eb6a4aa8) 
thrown [s\src\hotspot\share\interpreter\linkResolver.cpp, line 773]
Event: 2.841 Thread 0x000002af7f955fe0 Exception <a 'java/lang/NoSuchMethodError'{0x00000000eb6abd58}: 'int java.lang.invoke.DirectMethodHandle$Holder.invokeStaticInit(java.lang.Object, float, float)'> (0x00000000eb6abd58) 
thrown [s\src\hotspot\share\interpreter\linkResolver.cpp, line 773]
Event: 2.842 Thread 0x000002af7f955fe0 Exception <a 'java/lang/NoSuchMethodError'{0x00000000eb6b2f98}: 'int java.lang.invoke.DirectMethodHandle$Holder.invokeStaticInit(java.lang.Object, double, double)'> (0x00000000eb6b2f98) 
thrown [s\src\hotspot\share\interpreter\linkResolver.cpp, line 773]
Event: 2.842 Thread 0x000002af7f955fe0 Exception <a 'java/lang/NoSuchMethodError'{0x00000000eb6b7938}: 'int java.lang.invoke.DirectMethodHandle$Holder.invokeStatic(java.lang.Object, long)'> (0x00000000eb6b7938) 
thrown [s\src\hotspot\share\interpreter\linkResolver.cpp, line 773]
Event: 2.843 Thread 0x000002af7f956d00 Exception <a 'java/lang/NoSuchMethodError'{0x00000000eb684bb0}: 'int java.lang.invoke.DirectMethodHandle$Holder.invokeSpecial(java.lang.Object, java.lang.Object, int, int)'> (0x00000000eb684bb0) 
thrown [s\src\hotspot\share\interpreter\linkResolver.cpp, line 773]
Event: 2.843 Thread 0x000002af7d3da3d0 Exception <a 'java/lang/NoSuchMethodError'{0x00000000eb6d79c8}: 'int java.lang.invoke.DirectMethodHandle$Holder.invokeSpecial(java.lang.Object, java.lang.Object, int, int)'> (0x00000000eb6d79c8) 
thrown [s\src\hotspot\share\interpreter\linkResolver.cpp, line 773]
Event: 2.845 Thread 0x000002af7f957a20 Exception <a 'java/lang/NoSuchMethodError'{0x00000000eb6f1960}: 'int java.lang.invoke.Invokers$Holder.linkToTargetMethod(java.lang.Object, java.lang.Object)'> (0x00000000eb6f1960) 
thrown [s\src\hotspot\share\interpreter\linkResolver.cpp, line 773]
Event: 2.845 Thread 0x000002af7f957390 Exception <a 'java/lang/NoSuchMethodError'{0x00000000eb64b0d0}: 'int java.lang.invoke.Invokers$Holder.linkToTargetMethod(java.lang.Object, java.lang.Object)'> (0x00000000eb64b0d0) 
thrown [s\src\hotspot\share\interpreter\linkResolver.cpp, line 773]
Event: 2.845 Thread 0x000002af7f955fe0 Exception <a 'java/lang/NoSuchMethodError'{0x00000000eb6f99f8}: 'int java.lang.invoke.Invokers$Holder.linkToTargetMethod(java.lang.Object, java.lang.Object)'> (0x00000000eb6f99f8) 
thrown [s\src\hotspot\share\interpreter\linkResolver.cpp, line 773]
Event: 2.845 Thread 0x000002af7d3da3d0 Exception <a 'java/lang/NoSuchMethodError'{0x00000000eb6fd2e0}: 'int java.lang.invoke.Invokers$Holder.linkToTargetMethod(java.lang.Object, java.lang.Object)'> (0x00000000eb6fd2e0) 
thrown [s\src\hotspot\share\interpreter\linkResolver.cpp, line 773]
Event: 2.845 Thread 0x000002af7f956d00 Exception <a 'java/lang/NoSuchMethodError'{0x00000000eb6fe678}: 'int java.lang.invoke.Invokers$Holder.linkToTargetMethod(java.lang.Object, java.lang.Object)'> (0x00000000eb6fe678) 
thrown [s\src\hotspot\share\interpreter\linkResolver.cpp, line 773]

ZGC Phase Switch (0 events):
No events

VM Operations (20 events):
Event: 2.108 Executing VM operation: HandshakeAllThreads (Deoptimize)
Event: 2.108 Executing VM operation: HandshakeAllThreads (Deoptimize) done
Event: 2.271 Executing VM operation: ParallelGCFailedAllocation (Allocation Failure)
Event: 2.273 Executing VM operation: ParallelGCFailedAllocation (Allocation Failure) done
Event: 2.575 Executing VM operation: HandshakeAllThreads (Deoptimize)
Event: 2.575 Executing VM operation: HandshakeAllThreads (Deoptimize) done
Event: 2.695 Executing VM operation: ParallelGCFailedAllocation (Allocation Failure)
Event: 2.698 Executing VM operation: ParallelGCFailedAllocation (Allocation Failure) done
Event: 2.732 Executing VM operation: HandshakeAllThreads (Deoptimize)
Event: 2.732 Executing VM operation: HandshakeAllThreads (Deoptimize) done
Event: 2.737 Executing VM operation: HandshakeAllThreads (Deoptimize)
Event: 2.737 Executing VM operation: HandshakeAllThreads (Deoptimize) done
Event: 2.763 Executing VM operation: HandshakeAllThreads (Deoptimize)
Event: 2.763 Executing VM operation: HandshakeAllThreads (Deoptimize) done
Event: 2.763 Executing VM operation: HandshakeAllThreads (Deoptimize)
Event: 2.763 Executing VM operation: HandshakeAllThreads (Deoptimize) done
Event: 2.847 Executing VM operation: HandshakeAllThreads (Deoptimize)
Event: 2.847 Executing VM operation: HandshakeAllThreads (Deoptimize) done
Event: 2.885 Executing VM operation: ParallelGCFailedAllocation (Allocation Failure)
Event: 2.888 Executing VM operation: ParallelGCFailedAllocation (Allocation Failure) done

Memory protections (0 events):
No events

Nmethod flushes (0 events):
No events

Events (20 events):
Event: 2.205 Thread 0x000002af6ff58e10 Thread added: 0x000002af7f951120
Event: 2.205 Thread 0x000002af6ff58e10 Thread added: 0x000002af7f9531f0
Event: 2.205 Thread 0x000002af6ff58e10 Thread added: 0x000002af7f953880
Event: 2.205 Thread 0x000002af6ff58e10 Thread added: 0x000002af7f956670
Event: 2.205 Thread 0x000002af6ff58e10 Thread added: 0x000002af7f950400
Event: 2.205 Thread 0x000002af6ff58e10 Thread added: 0x000002af7f951e40
Event: 2.205 Thread 0x000002af6ff58e10 Thread added: 0x000002af7f954c30
Event: 2.234 Thread 0x000002af6ff58e10 Thread added: 0x000002af7f955950
Event: 2.333 Thread 0x000002af7d3da3d0 Thread added: 0x000002af7f9545a0
Event: 2.349 Thread 0x000002af6ff58e10 Thread added: 0x000002af7f952b60
Event: 2.350 Thread 0x000002af6ff58e10 Thread added: 0x000002af7f957390
Event: 2.525 Thread 0x000002af7e5d2240 Thread exited: 0x000002af7e5d2240
Event: 2.678 Thread 0x000002af7f957390 Thread added: 0x000002af7f957a20
Event: 2.680 Thread 0x000002af7f957390 Thread added: 0x000002af7f955fe0
Event: 2.681 Thread 0x000002af7f957390 Thread added: 0x000002af7f956d00
Event: 2.874 Thread 0x000002af76a1b080 Thread added: 0x000002af7e531f20
Event: 2.898 Thread 0x000002af7827ca70 Thread added: 0x000002af7f0610a0
Event: 2.920 Thread 0x000002af7827ca70 Thread added: 0x000002af7f21e7c0
Event: 2.920 Thread 0x000002af7827ca70 Thread added: 0x000002af7f21ee60
Event: 2.920 Thread 0x000002af7827ca70 Thread added: 0x000002af7e9247f0


Dynamic libraries:
0x00007ff6e5540000 - 0x00007ff6e554e000 	c:\Users\moham\.vscode\extensions\redhat.java-1.41.1-win32-x64\jre\21.0.6-win32-x86_64\bin\java.exe
0x00007ffffa750000 - 0x00007ffffa948000 	C:\WINDOWS\SYSTEM32\ntdll.dll
0x00007ffff8780000 - 0x00007ffff8842000 	C:\WINDOWS\System32\KERNEL32.DLL
0x00007ffff8260000 - 0x00007ffff8556000 	C:\WINDOWS\System32\KERNELBASE.dll
0x00007ffff8560000 - 0x00007ffff8660000 	C:\WINDOWS\System32\ucrtbase.dll
0x00007fffe34e0000 - 0x00007fffe34f8000 	c:\Users\moham\.vscode\extensions\redhat.java-1.41.1-win32-x64\jre\21.0.6-win32-x86_64\bin\jli.dll
0x00007fffe2e30000 - 0x00007fffe2e4e000 	c:\Users\moham\.vscode\extensions\redhat.java-1.41.1-win32-x64\jre\21.0.6-win32-x86_64\bin\VCRUNTIME140.dll
0x00007ffff8e80000 - 0x00007ffff901d000 	C:\WINDOWS\System32\USER32.dll
0x00007ffff81b0000 - 0x00007ffff81d2000 	C:\WINDOWS\System32\win32u.dll
0x00007fffecd60000 - 0x00007fffecffa000 	C:\WINDOWS\WinSxS\amd64_microsoft.windows.common-controls_6595b64144ccf1df_6.0.19041.5794_none_60bcd33171f2783c\COMCTL32.dll
0x00007ffff89e0000 - 0x00007ffff8a0b000 	C:\WINDOWS\System32\GDI32.dll
0x00007ffff8c70000 - 0x00007ffff8d0e000 	C:\WINDOWS\System32\msvcrt.dll
0x00007ffff8660000 - 0x00007ffff877a000 	C:\WINDOWS\System32\gdi32full.dll
0x00007ffff7fa0000 - 0x00007ffff803d000 	C:\WINDOWS\System32\msvcp_win.dll
0x00007ffff8a70000 - 0x00007ffff8a9f000 	C:\WINDOWS\System32\IMM32.DLL
0x00007fffe5bb0000 - 0x00007fffe5bbc000 	c:\Users\moham\.vscode\extensions\redhat.java-1.41.1-win32-x64\jre\21.0.6-win32-x86_64\bin\vcruntime140_1.dll
0x00007fffbfb50000 - 0x00007fffbfbdd000 	c:\Users\moham\.vscode\extensions\redhat.java-1.41.1-win32-x64\jre\21.0.6-win32-x86_64\bin\msvcp140.dll
0x00007fffa0dd0000 - 0x00007fffa1b60000 	c:\Users\moham\.vscode\extensions\redhat.java-1.41.1-win32-x64\jre\21.0.6-win32-x86_64\bin\server\jvm.dll
0x00007ffff9420000 - 0x00007ffff94cf000 	C:\WINDOWS\System32\ADVAPI32.dll
0x00007ffff8ab0000 - 0x00007ffff8b4f000 	C:\WINDOWS\System32\sechost.dll
0x00007ffffa530000 - 0x00007ffffa653000 	C:\WINDOWS\System32\RPCRT4.dll
0x00007ffff8040000 - 0x00007ffff8067000 	C:\WINDOWS\System32\bcrypt.dll
0x00007ffff9030000 - 0x00007ffff909b000 	C:\WINDOWS\System32\WS2_32.dll
0x00007ffff72f0000 - 0x00007ffff733b000 	C:\WINDOWS\SYSTEM32\POWRPROF.dll
0x00007fffeed20000 - 0x00007fffeed47000 	C:\WINDOWS\SYSTEM32\WINMM.dll
0x00007ffff1390000 - 0x00007ffff139a000 	C:\WINDOWS\SYSTEM32\VERSION.dll
0x00007ffff71b0000 - 0x00007ffff71c2000 	C:\WINDOWS\SYSTEM32\UMPDC.dll
0x00007ffff5c30000 - 0x00007ffff5c42000 	C:\WINDOWS\SYSTEM32\kernel.appcore.dll
0x00007fffe3120000 - 0x00007fffe312a000 	c:\Users\moham\.vscode\extensions\redhat.java-1.41.1-win32-x64\jre\21.0.6-win32-x86_64\bin\jimage.dll
0x00007ffff3e30000 - 0x00007ffff4014000 	C:\WINDOWS\SYSTEM32\DBGHELP.DLL
0x00007fffe8af0000 - 0x00007fffe8b24000 	C:\WINDOWS\SYSTEM32\dbgcore.DLL
0x00007ffff8070000 - 0x00007ffff80f2000 	C:\WINDOWS\System32\bcryptPrimitives.dll
0x00007fffe3020000 - 0x00007fffe302f000 	c:\Users\moham\.vscode\extensions\redhat.java-1.41.1-win32-x64\jre\21.0.6-win32-x86_64\bin\instrument.dll
0x00007fffe2e10000 - 0x00007fffe2e2f000 	c:\Users\moham\.vscode\extensions\redhat.java-1.41.1-win32-x64\jre\21.0.6-win32-x86_64\bin\java.dll
0x00007ffff9dc0000 - 0x00007ffffa52e000 	C:\WINDOWS\System32\SHELL32.dll
0x00007ffff5e30000 - 0x00007ffff65d3000 	C:\WINDOWS\SYSTEM32\windows.storage.dll
0x00007ffff90c0000 - 0x00007ffff9413000 	C:\WINDOWS\System32\combase.dll
0x00007ffff7740000 - 0x00007ffff776b000 	C:\WINDOWS\SYSTEM32\Wldp.dll
0x00007ffff9790000 - 0x00007ffff985d000 	C:\WINDOWS\System32\OLEAUT32.dll
0x00007ffffa660000 - 0x00007ffffa70d000 	C:\WINDOWS\System32\SHCORE.dll
0x00007ffff9730000 - 0x00007ffff9785000 	C:\WINDOWS\System32\shlwapi.dll
0x00007ffff7d20000 - 0x00007ffff7d45000 	C:\WINDOWS\SYSTEM32\profapi.dll
0x00007fffe2df0000 - 0x00007fffe2e08000 	c:\Users\moham\.vscode\extensions\redhat.java-1.41.1-win32-x64\jre\21.0.6-win32-x86_64\bin\zip.dll
0x00007fffe2f50000 - 0x00007fffe2f60000 	C:\Users\moham\.vscode\extensions\redhat.java-1.41.1-win32-x64\jre\21.0.6-win32-x86_64\bin\net.dll
0x00007ffff3880000 - 0x00007ffff398a000 	C:\WINDOWS\SYSTEM32\WINHTTP.dll
0x00007ffff7520000 - 0x00007ffff758c000 	C:\WINDOWS\system32\mswsock.dll
0x00007fffe2bb0000 - 0x00007fffe2bc6000 	C:\Users\moham\.vscode\extensions\redhat.java-1.41.1-win32-x64\jre\21.0.6-win32-x86_64\bin\nio.dll
0x00007fffe2ee0000 - 0x00007fffe2ef0000 	c:\Users\moham\.vscode\extensions\redhat.java-1.41.1-win32-x64\jre\21.0.6-win32-x86_64\bin\verify.dll
0x00007fffd7dc0000 - 0x00007fffd7e05000 	C:\Users\moham\AppData\Roaming\Code\User\globalStorage\redhat.java\1.41.1\config_ss_win\org.eclipse.equinox.launcher\org.eclipse.equinox.launcher.win32.win32.x86_64_1.2.1300.v20250331-1702\eclipse_11911.dll
0x00007ffff8850000 - 0x00007ffff897b000 	C:\WINDOWS\System32\ole32.dll
0x00007ffff7ab0000 - 0x00007ffff7ac8000 	C:\WINDOWS\SYSTEM32\CRYPTSP.dll
0x00007ffff6df0000 - 0x00007ffff6e28000 	C:\WINDOWS\system32\rsaenh.dll
0x00007ffff7ce0000 - 0x00007ffff7d0e000 	C:\WINDOWS\SYSTEM32\USERENV.dll
0x00007ffff76b0000 - 0x00007ffff76bc000 	C:\WINDOWS\SYSTEM32\CRYPTBASE.dll
0x00007ffff71d0000 - 0x00007ffff720b000 	C:\WINDOWS\SYSTEM32\IPHLPAPI.DLL
0x00007ffff8e70000 - 0x00007ffff8e78000 	C:\WINDOWS\System32\NSI.dll
0x00007fffc2ff0000 - 0x00007fffc3039000 	C:\Users\moham\AppData\Local\Temp\jna-104073650\jna7460512392538351730.dll
0x00007ffff8aa0000 - 0x00007ffff8aa8000 	C:\WINDOWS\System32\PSAPI.DLL
0x00007ffff4e50000 - 0x00007ffff4e67000 	C:\WINDOWS\SYSTEM32\dhcpcsvc6.DLL
0x00007ffff4e10000 - 0x00007ffff4e2d000 	C:\WINDOWS\SYSTEM32\dhcpcsvc.DLL

dbghelp: loaded successfully - version: 4.0.5 - missing functions: none
symbol engine: initialized successfully - sym options: 0x614 - pdb path: .;c:\Users\moham\.vscode\extensions\redhat.java-1.41.1-win32-x64\jre\21.0.6-win32-x86_64\bin;C:\WINDOWS\SYSTEM32;C:\WINDOWS\WinSxS\amd64_microsoft.windows.common-controls_6595b64144ccf1df_6.0.19041.5794_none_60bcd33171f2783c;c:\Users\moham\.vscode\extensions\redhat.java-1.41.1-win32-x64\jre\21.0.6-win32-x86_64\bin\server;C:\Users\moham\AppData\Roaming\Code\User\globalStorage\redhat.java\1.41.1\config_ss_win\org.eclipse.equinox.launcher\org.eclipse.equinox.launcher.win32.win32.x86_64_1.2.1300.v20250331-1702;C:\Users\moham\AppData\Local\Temp\jna-104073650

VM Arguments:
jvm_args: --add-modules=ALL-SYSTEM --add-opens=java.base/java.util=ALL-UNNAMED --add-opens=java.base/java.lang=ALL-UNNAMED --add-opens=java.base/sun.nio.fs=ALL-UNNAMED -Declipse.application=org.eclipse.jdt.ls.core.id1 -Dosgi.bundles.defaultStartLevel=4 -Declipse.product=org.eclipse.jdt.ls.core.product -Djava.import.generatesMetadataFilesAtProjectRoot=false -DDetectVMInstallationsJob.disabled=true -Dfile.encoding=utf8 -XX:+UseParallelGC -XX:GCTimeRatio=4 -XX:AdaptiveSizePolicyWeight=90 -Dsun.zip.disableMemoryMapping=true -Xmx1G -Xms100m -Xlog:disable -javaagent:c:\Users\moham\.vscode\extensions\redhat.java-1.41.1-win32-x64\lombok\lombok-1.18.36.jar 
java_command: c:\Users\moham\.vscode\extensions\redhat.java-1.41.1-win32-x64\server\plugins\org.eclipse.equinox.launcher_1.7.0.v20250331-1702.jar -configuration c:\Users\moham\AppData\Roaming\Code\User\globalStorage\redhat.java\1.41.1\config_ss_win -data c:\Users\moham\AppData\Roaming\Code\User\workspaceStorage\8124025903823dc15ad5908d8bc0e76b\redhat.java\ss_ws --pipe=\\.\pipe\lsp-e27d39129ac832821b9e1896e58e4762-sock
java_class_path (initial): c:\Users\moham\.vscode\extensions\redhat.java-1.41.1-win32-x64\server\plugins\org.eclipse.equinox.launcher_1.7.0.v20250331-1702.jar
Launcher Type: SUN_STANDARD

[Global flags]
    uintx AdaptiveSizePolicyWeight                 = 90                                        {product} {command line}
     intx CICompilerCount                          = 12                                        {product} {ergonomic}
    uintx GCTimeRatio                              = 4                                         {product} {command line}
   size_t InitialHeapSize                          = 104857600                                 {product} {command line}
   size_t MaxHeapSize                              = 1073741824                                {product} {command line}
   size_t MaxNewSize                               = 357564416                                 {product} {ergonomic}
   size_t MinHeapDeltaBytes                        = 524288                                    {product} {ergonomic}
   size_t MinHeapSize                              = 104857600                                 {product} {command line}
   size_t NewSize                                  = 34603008                                  {product} {ergonomic}
    uintx NonNMethodCodeHeapSize                   = 7602480                                {pd product} {ergonomic}
    uintx NonProfiledCodeHeapSize                  = 122027880                              {pd product} {ergonomic}
   size_t OldSize                                  = 70254592                                  {product} {ergonomic}
     bool PerfDisableSharedMem                     = true                                      {product} {ergonomic}
    uintx ProfiledCodeHeapSize                     = 122027880                              {pd product} {ergonomic}
    uintx ReservedCodeCacheSize                    = 251658240                              {pd product} {ergonomic}
     bool SegmentedCodeCache                       = true                                      {product} {ergonomic}
   size_t SoftMaxHeapSize                          = 1073741824                             {manageable} {ergonomic}
     bool UseCompressedOops                        = true                           {product lp64_product} {ergonomic}
     bool UseLargePagesIndividualAllocation        = false                                  {pd product} {ergonomic}
     bool UseParallelGC                            = true                                      {product} {command line}

Logging:
Log output configuration:
 #0: stdout all=off uptime,level,tags foldmultilines=false
 #1: stderr all=off uptime,level,tags foldmultilines=false

Environment Variables:
JAVA_HOME=C:\Program Files\Java\jdk-17
PATH=C:\Python313\Scripts\;C:\Python313\;%JAVA_HOMW%\bin;C:\Program Files\Common Files\Oracle\Java\javapath;C:\Program Files (x86)\Common Files\Oracle\Java\java8path;C:\Program Files (x86)\Common Files\Oracle\Java\javapath;C:\WINDOWS\system32;C:\WINDOWS;C:\WINDOWS\System32\Wbem;C:\WINDOWS\System32\WindowsPowerShell\v1.0\;C:\WINDOWS\System32\OpenSSH\;C:\Program Files\Git\cmd;E:\Flutter\Dev\flutter\bin;C:\Program Files\Microsoft SQL Server\Client SDK\ODBC\170\Tools\Binn\;C:\Program Files\dotnet\;C:\Program Files\Docker\Docker\resources\bin;C:\Program Files (x86)\Microsoft SQL Server\160\Tools\Binn\;C:\Program Files\Microsoft SQL Server\160\Tools\Binn\;C:\Program Files\Microsoft SQL Server\160\DTS\Binn\;C:\Program Files (x86)\Microsoft SQL Server\160\DTS\Binn\;C:\Program Files\apache-maven-3.9.9-bin\apache-maven-3.9.9\bin;C:\sqlite;C:\Program Files\nodejs\;C:\ProgramData\chocolatey\bin;C:\Users\moham\AppData\Local\Microsoft\WindowsApps;C:\Users\moham\AppData\Local\Programs\Microsoft VS Code\bin;C:\Users\moham\AppData\Local\GitHubDesktop\bin;C:\Users\moham\.dotnet\tools;C:\Users\moham\AppData\Local\Microsoft\WinGet\Links;C:\Users\moham\AppData\Roaming\npm
USERNAME=moham
OS=Windows_NT
PROCESSOR_IDENTIFIER=AMD64 Family 23 Model 113 Stepping 0, AuthenticAMD
TMP=C:\Users\moham\AppData\Local\Temp
TEMP=C:\Users\moham\AppData\Local\Temp




Periodic native trim disabled

---------------  S Y S T E M  ---------------

OS:
 Windows 10 , 64 bit Build 19041 (10.0.19041.5794)
OS uptime: 0 days 2:47 hours
Hyper-V role detected

CPU: total 16 (initial active 16) (16 cores per cpu, 2 threads per core) family 23 model 113 stepping 0 microcode 0x0, cx8, cmov, fxsr, ht, mmx, 3dnowpref, sse, sse2, sse3, ssse3, sse4a, sse4.1, sse4.2, popcnt, lzcnt, tsc, tscinvbit, avx, avx2, aes, clmul, bmi1, bmi2, adx, sha, fma, vzeroupper, clflush, clflushopt, hv, rdtscp, rdpid, f16c
Processor Information for the first 16 processors :
  Max Mhz: 3600, Current Mhz: 3600, Mhz Limit: 3600

Memory: 4k page, system-wide physical 16310M (4181M free)
TotalPageFile size 20406M (AvailPageFile size 53M)
current process WorkingSet (physical memory assigned to process): 195M, peak: 195M
current process commit charge ("private bytes"): 308M, peak: 308M

vm_info: OpenJDK 64-Bit Server VM (21.0.6+7-LTS) for windows-amd64 JRE (21.0.6+7-LTS), built on 2025-01-21T00:00:00Z by "admin" with MS VC++ 17.7 (VS2022)

END.
